{
    "homo_sapiens - 2 bigwig files - stub": {
        "content": [
            [
                [
                    {
                        "id": "test"
                    },
                    "test.bw:md5,d41d8cd98f00b204e9800998ecf8427e"
                ]
            ],
            [
                "versions.yml:md5,cab5c3d84a7d7faa2f8f270d9c70b4da"
            ]
        ],
        "meta": {
            "nf-test": "0.9.2",
            "nextflow": "25.04.7"
        },
        "timestamp": "2025-09-18T15:08:20.527139852"
    },
    "homo_sapiens - 2 bigwig files - with blacklist": {
        "content": [
            [
                [
                    {
                        "id": "test"
                    },
                    "test.bw:md5,5b19742d1b9da5a57e7a869197718844"
                ]
            ],
            [
                "versions.yml:md5,cab5c3d84a7d7faa2f8f270d9c70b4da"
            ]
        ],
        "meta": {
            "nf-test": "0.9.2",
            "nextflow": "25.04.7"
        },
        "timestamp": "2025-09-18T15:08:09.430952208"
    },
    "homo_sapiens - 2 bigwig files": {
        "content": [
            [
                [
                    {
                        "id": "test"
                    },
                    "test.bw:md5,5b19742d1b9da5a57e7a869197718844"
                ]
            ],
            [
                "versions.yml:md5,cab5c3d84a7d7faa2f8f270d9c70b4da"
            ]
        ],
        "meta": {
            "nf-test": "0.9.2",
            "nextflow": "25.04.7"
        },
        "timestamp": "2025-09-18T15:06:54.90744614"
    },
    "homo_sapiens - 2 bigwig files - bedgraph output - stub": {
        "content": [
            [
                [
                    {
                        "id": "test"
                    },
                    "test.bedgraph:md5,d41d8cd98f00b204e9800998ecf8427e"
                ]
            ],
            [
                "versions.yml:md5,cab5c3d84a7d7faa2f8f270d9c70b4da"
            ]
        ],
        "meta": {
            "nf-test": "0.9.2",
            "nextflow": "25.04.7"
        },
        "timestamp": "2025-09-18T15:08:30.625231489"
    },
    "homo_sapiens - 2 bigwig files - bedgraph output": {
        "content": [
            [
                [
                    {
                        "id": "test"
                    },
                    "test.bedgraph:md5,3954154b54483e86e3f9ddaff7e3653c"
                ]
            ],
            [
                "versions.yml:md5,cab5c3d84a7d7faa2f8f270d9c70b4da"
            ]
        ],
        "meta": {
            "nf-test": "0.9.2",
            "nextflow": "25.04.7"
        },
        "timestamp": "2025-09-18T15:07:31.455747799"
    }
}